// Jest Snapshot v1, https://goo.gl/fbAQLP

exports[`Tests against the OIDC Servce The /callback endpoint returns 200 1`] = `{}`;
